**********************************************************************
** Visual Studio 2022 Developer Command Prompt v17.14.29
** Copyright (c) 2025 Microsoft Corporation
**********************************************************************
[vcvarsall.bat] Environment initialized for: 'x64'
-- The C compiler identification is MSVC 19.44.35225.0
-- The CXX compiler identification is MSVC 19.44.35225.0
-- Detecting C compiler ABI info
-- Detecting C compiler ABI info - done
-- Check for working C compiler: C:/Program Files (x86)/Microsoft Visual Studio/2022/BuildTools/VC/Tools/MSVC/14.44.35207/bin/Hostx64/x64/cl.exe - skipped
-- Detecting C compile features
-- Detecting C compile features - done
-- Detecting CXX compiler ABI info
-- Detecting CXX compiler ABI info - done
-- Check for working CXX compiler: C:/Program Files (x86)/Microsoft Visual Studio/2022/BuildTools/VC/Tools/MSVC/14.44.35207/bin/Hostx64/x64/cl.exe - skipped
-- Detecting CXX compile features
-- Detecting CXX compile features - done
-- Performing Test flag_supported
-- Performing Test flag_supported - Failed
-- Performing Test flag_supported
-- Performing Test flag_supported - Failed
-- Looking for include file alloca.h
-- Looking for include file alloca.h - not found
-- Configuring done (4.2s)
-- Generating done (0.2s)
-- Build files have been written to: C:/Users/Igland/Antigravity/Ghidra/atracdenc/build
Change Dir: 'C:/Users/Igland/Antigravity/Ghidra/atracdenc/build'

Run Build Command(s): C:/Users/Igland/AppData/Local/Programs/Python/Python310/Lib/site-packages/cmake/data/bin/cmake.exe -E env VERBOSE=1 nmake -f Makefile /nologo
	C:\Users\Igland\AppData\Local\Programs\Python\Python310\Lib\site-packages\cmake\data\bin\cmake.exe -SC:\Users\Igland\Antigravity\Ghidra\atracdenc -BC:\Users\Igland\Antigravity\Ghidra\atracdenc\build --check-build-system CMakeFiles\Makefile.cmake 0
	C:\Users\Igland\AppData\Local\Programs\Python\Python310\Lib\site-packages\cmake\data\bin\cmake.exe -E cmake_progress_start C:\Users\Igland\Antigravity\Ghidra\atracdenc\build\CMakeFiles C:\Users\Igland\Antigravity\Ghidra\atracdenc\build\\CMakeFiles\progress.marks
	"C:\Program Files (x86)\Microsoft Visual Studio\2022\BuildTools\VC\Tools\MSVC\14.44.35207\bin\HostX64\x64\nmake.exe"  -f CMakeFiles\Makefile2 /nologo -L                  all
	"C:\Program Files (x86)\Microsoft Visual Studio\2022\BuildTools\VC\Tools\MSVC\14.44.35207\bin\HostX64\x64\nmake.exe"  -f src\CMakeFiles\fft_impl.dir\build.make /nologo -L                  src\CMakeFiles\fft_impl.dir\depend
	C:\Users\Igland\AppData\Local\Programs\Python\Python310\Lib\site-packages\cmake\data\bin\cmake.exe -E cmake_depends "NMake Makefiles" C:\Users\Igland\Antigravity\Ghidra\atracdenc C:\Users\Igland\Antigravity\Ghidra\atracdenc\src C:\Users\Igland\Antigravity\Ghidra\atracdenc\build C:\Users\Igland\Antigravity\Ghidra\atracdenc\build\src C:\Users\Igland\Antigravity\Ghidra\atracdenc\build\src\CMakeFiles\fft_impl.dir\DependInfo.cmake "--color=" fft_impl
	"C:\Program Files (x86)\Microsoft Visual Studio\2022\BuildTools\VC\Tools\MSVC\14.44.35207\bin\HostX64\x64\nmake.exe"  -f src\CMakeFiles\fft_impl.dir\build.make /nologo -L                  src\CMakeFiles\fft_impl.dir\build
[  2%] Building C object src/CMakeFiles/fft_impl.dir/lib/fft/kissfft_impl/kiss_fft.c.obj
	cd C:\Users\Igland\Antigravity\Ghidra\atracdenc\build\src
	C:\Users\Igland\AppData\Local\Programs\Python\Python310\Lib\site-packages\cmake\data\bin\cmake.exe -E cmake_cl_compile_depends --dep-file=CMakeFiles\fft_impl.dir\lib\fft\kissfft_impl\kiss_fft.c.obj.d --working-dir=C:\Users\Igland\Antigravity\Ghidra\atracdenc\build\src --filter-prefix="Note: including file: " -- C:\PROGRA~2\MICROS~2\2022\BUILDT~1\VC\Tools\MSVC\1444~1.352\bin\Hostx64\x64\cl.exe @C:\Users\Igland\AppData\Local\Temp\nm9764.tmp
kiss_fft.c
	cd C:\Users\Igland\Antigravity\Ghidra\atracdenc\build
[  4%] Building C object src/CMakeFiles/fft_impl.dir/lib/fft/kissfft_impl/tools/kiss_fftr.c.obj
	cd C:\Users\Igland\Antigravity\Ghidra\atracdenc\build\src
	C:\Users\Igland\AppData\Local\Programs\Python\Python310\Lib\site-packages\cmake\data\bin\cmake.exe -E cmake_cl_compile_depends --dep-file=CMakeFiles\fft_impl.dir\lib\fft\kissfft_impl\tools\kiss_fftr.c.obj.d --working-dir=C:\Users\Igland\Antigravity\Ghidra\atracdenc\build\src --filter-prefix="Note: including file: " -- C:\PROGRA~2\MICROS~2\2022\BUILDT~1\VC\Tools\MSVC\1444~1.352\bin\Hostx64\x64\cl.exe @C:\Users\Igland\AppData\Local\Temp\nm9811.tmp
kiss_fftr.c
	cd C:\Users\Igland\Antigravity\Ghidra\atracdenc\build
[  6%] Linking C static library fft_impl.lib
	cd C:\Users\Igland\Antigravity\Ghidra\atracdenc\build\src
	C:\Users\Igland\AppData\Local\Programs\Python\Python310\Lib\site-packages\cmake\data\bin\cmake.exe -P CMakeFiles\fft_impl.dir\cmake_clean_target.cmake
	cd C:\Users\Igland\Antigravity\Ghidra\atracdenc\build
	cd C:\Users\Igland\Antigravity\Ghidra\atracdenc\build\src
	C:\PROGRA~2\MICROS~2\2022\BUILDT~1\VC\Tools\MSVC\1444~1.352\bin\Hostx64\x64\lib.exe /nologo /machine:x64 /out:fft_impl.lib @CMakeFiles\fft_impl.dir\objects1.rsp
	cd C:\Users\Igland\Antigravity\Ghidra\atracdenc\build
[  6%] Built target fft_impl
	"C:\Program Files (x86)\Microsoft Visual Studio\2022\BuildTools\VC\Tools\MSVC\14.44.35207\bin\HostX64\x64\nmake.exe"  -f src\CMakeFiles\pcm_io.dir\build.make /nologo -L                  src\CMakeFiles\pcm_io.dir\depend
	C:\Users\Igland\AppData\Local\Programs\Python\Python310\Lib\site-packages\cmake\data\bin\cmake.exe -E cmake_depends "NMake Makefiles" C:\Users\Igland\Antigravity\Ghidra\atracdenc C:\Users\Igland\Antigravity\Ghidra\atracdenc\src C:\Users\Igland\Antigravity\Ghidra\atracdenc\build C:\Users\Igland\Antigravity\Ghidra\atracdenc\build\src C:\Users\Igland\Antigravity\Ghidra\atracdenc\build\src\CMakeFiles\pcm_io.dir\DependInfo.cmake "--color=" pcm_io
	"C:\Program Files (x86)\Microsoft Visual Studio\2022\BuildTools\VC\Tools\MSVC\14.44.35207\bin\HostX64\x64\nmake.exe"  -f src\CMakeFiles\pcm_io.dir\build.make /nologo -L                  src\CMakeFiles\pcm_io.dir\build
[  8%] Building CXX object src/CMakeFiles/pcm_io.dir/platform/win/pcm_io/mf/pcm_io_mf.cpp.obj
	cd C:\Users\Igland\Antigravity\Ghidra\atracdenc\build\src
	C:\Users\Igland\AppData\Local\Programs\Python\Python310\Lib\site-packages\cmake\data\bin\cmake.exe -E cmake_cl_compile_depends --dep-file=CMakeFiles\pcm_io.dir\platform\win\pcm_io\mf\pcm_io_mf.cpp.obj.d --working-dir=C:\Users\Igland\Antigravity\Ghidra\atracdenc\build\src --filter-prefix="Note: including file: " -- C:\PROGRA~2\MICROS~2\2022\BUILDT~1\VC\Tools\MSVC\1444~1.352\bin\Hostx64\x64\cl.exe @C:\Users\Igland\AppData\Local\Temp\nm9968.tmp
powershell : cl : Command line warning D9002 : ignoring unknown option '-g'
At line:1 char:1
+ powershell -ExecutionPolicy Bypass -File .\build_atracdenc.ps1 > buil ...
+ ~~~~~~~~~~~~~~~~~~~~~~~~~~~~~~~~~~~~~~~~~~~~~~~~~~~~~~~~~~~~~~~~~~~~~
    + CategoryInfo          : NotSpecified: (cl : Command li...own option '-g':String) [], RemoteException
    + FullyQualifiedErrorId : NativeCommandError
 
cl : Command line warning D9002 : ignoring unknown option '-fno-omit-frame-pointer'
pcm_io_mf.cpp
	cd C:\Users\Igland\Antigravity\Ghidra\atracdenc\build
[ 10%] Building CXX object src/CMakeFiles/pcm_io.dir/platform/win/pcm_io/win32/pcm_io_win32.cpp.obj
	cd C:\Users\Igland\Antigravity\Ghidra\atracdenc\build\src
	C:\Users\Igland\AppData\Local\Programs\Python\Python310\Lib\site-packages\cmake\data\bin\cmake.exe -E cmake_cl_compile_depends --dep-file=CMakeFiles\pcm_io.dir\platform\win\pcm_io\win32\pcm_io_win32.cpp.obj.d --working-dir=C:\Users\Igland\Antigravity\Ghidra\atracdenc\build\src --filter-prefix="Note: including file: " -- C:\PROGRA~2\MICROS~2\2022\BUILDT~1\VC\Tools\MSVC\1444~1.352\bin\Hostx64\x64\cl.exe @C:\Users\Igland\AppData\Local\Temp\nm9E4B.tmp
cl : Command line warning D9002 : ignoring unknown option '-g'
cl : Command line warning D9002 : ignoring unknown option '-fno-omit-frame-pointer'
pcm_io_win32.cpp
	cd C:\Users\Igland\Antigravity\Ghidra\atracdenc\build
[ 12%] Building CXX object src/CMakeFiles/pcm_io.dir/platform/win/pcm_io/pcm_io.cpp.obj
	cd C:\Users\Igland\Antigravity\Ghidra\atracdenc\build\src
	C:\Users\Igland\AppData\Local\Programs\Python\Python310\Lib\site-packages\cmake\data\bin\cmake.exe -E cmake_cl_compile_depends --dep-file=CMakeFiles\pcm_io.dir\platform\win\pcm_io\pcm_io.cpp.obj.d --working-dir=C:\Users\Igland\Antigravity\Ghidra\atracdenc\build\src --filter-prefix="Note: including file: " -- C:\PROGRA~2\MICROS~2\2022\BUILDT~1\VC\Tools\MSVC\1444~1.352\bin\Hostx64\x64\cl.exe @C:\Users\Igland\AppData\Local\Temp\nmA1E5.tmp
cl : Command line warning D9002 : ignoring unknown option '-g'
cl : Command line warning D9002 : ignoring unknown option '-fno-omit-frame-pointer'
pcm_io.cpp
	cd C:\Users\Igland\Antigravity\Ghidra\atracdenc\build
[ 14%] Linking CXX static library pcm_io.lib
	cd C:\Users\Igland\Antigravity\Ghidra\atracdenc\build\src
	C:\Users\Igland\AppData\Local\Programs\Python\Python310\Lib\site-packages\cmake\data\bin\cmake.exe -P CMakeFiles\pcm_io.dir\cmake_clean_target.cmake
	cd C:\Users\Igland\Antigravity\Ghidra\atracdenc\build
	cd C:\Users\Igland\Antigravity\Ghidra\atracdenc\build\src
	C:\PROGRA~2\MICROS~2\2022\BUILDT~1\VC\Tools\MSVC\1444~1.352\bin\Hostx64\x64\lib.exe /nologo /machine:x64 /out:pcm_io.lib @CMakeFiles\pcm_io.dir\objects1.rsp
	cd C:\Users\Igland\Antigravity\Ghidra\atracdenc\build
[ 14%] Built target pcm_io
	"C:\Program Files (x86)\Microsoft Visual Studio\2022\BuildTools\VC\Tools\MSVC\14.44.35207\bin\HostX64\x64\nmake.exe"  -f src\CMakeFiles\oma.dir\build.make /nologo -L                  src\CMakeFiles\oma.dir\depend
	C:\Users\Igland\AppData\Local\Programs\Python\Python310\Lib\site-packages\cmake\data\bin\cmake.exe -E cmake_depends "NMake Makefiles" C:\Users\Igland\Antigravity\Ghidra\atracdenc C:\Users\Igland\Antigravity\Ghidra\atracdenc\src C:\Users\Igland\Antigravity\Ghidra\atracdenc\build C:\Users\Igland\Antigravity\Ghidra\atracdenc\build\src C:\Users\Igland\Antigravity\Ghidra\atracdenc\build\src\CMakeFiles\oma.dir\DependInfo.cmake "--color=" oma
	"C:\Program Files (x86)\Microsoft Visual Studio\2022\BuildTools\VC\Tools\MSVC\14.44.35207\bin\HostX64\x64\nmake.exe"  -f src\CMakeFiles\oma.dir\build.make /nologo -L                  src\CMakeFiles\oma.dir\build
[ 16%] Building C object src/CMakeFiles/oma.dir/lib/liboma/src/liboma.c.obj
	cd C:\Users\Igland\Antigravity\Ghidra\atracdenc\build\src
	C:\Users\Igland\AppData\Local\Programs\Python\Python310\Lib\site-packages\cmake\data\bin\cmake.exe -E cmake_cl_compile_depends --dep-file=CMakeFiles\oma.dir\lib\liboma\src\liboma.c.obj.d --working-dir=C:\Users\Igland\Antigravity\Ghidra\atracdenc\build\src --filter-prefix="Note: including file: " -- C:\PROGRA~2\MICROS~2\2022\BUILDT~1\VC\Tools\MSVC\1444~1.352\bin\Hostx64\x64\cl.exe @C:\Users\Igland\AppData\Local\Temp\nmA5EB.tmp
liboma.c
	cd C:\Users\Igland\Antigravity\Ghidra\atracdenc\build
[ 18%] Linking C static library oma.lib
	cd C:\Users\Igland\Antigravity\Ghidra\atracdenc\build\src
	C:\Users\Igland\AppData\Local\Programs\Python\Python310\Lib\site-packages\cmake\data\bin\cmake.exe -P CMakeFiles\oma.dir\cmake_clean_target.cmake
	cd C:\Users\Igland\Antigravity\Ghidra\atracdenc\build
	cd C:\Users\Igland\Antigravity\Ghidra\atracdenc\build\src
	C:\PROGRA~2\MICROS~2\2022\BUILDT~1\VC\Tools\MSVC\1444~1.352\bin\Hostx64\x64\lib.exe /nologo /machine:x64 /out:oma.lib @CMakeFiles\oma.dir\objects1.rsp
	cd C:\Users\Igland\Antigravity\Ghidra\atracdenc\build
[ 18%] Built target oma
	"C:\Program Files (x86)\Microsoft Visual Studio\2022\BuildTools\VC\Tools\MSVC\14.44.35207\bin\HostX64\x64\nmake.exe"  -f src\CMakeFiles\bitstream.dir\build.make /nologo -L                  src\CMakeFiles\bitstream.dir\depend
	C:\Users\Igland\AppData\Local\Programs\Python\Python310\Lib\site-packages\cmake\data\bin\cmake.exe -E cmake_depends "NMake Makefiles" C:\Users\Igland\Antigravity\Ghidra\atracdenc C:\Users\Igland\Antigravity\Ghidra\atracdenc\src C:\Users\Igland\Antigravity\Ghidra\atracdenc\build C:\Users\Igland\Antigravity\Ghidra\atracdenc\build\src C:\Users\Igland\Antigravity\Ghidra\atracdenc\build\src\CMakeFiles\bitstream.dir\DependInfo.cmake "--color=" bitstream
	"C:\Program Files (x86)\Microsoft Visual Studio\2022\BuildTools\VC\Tools\MSVC\14.44.35207\bin\HostX64\x64\nmake.exe"  -f src\CMakeFiles\bitstream.dir\build.make /nologo -L                  src\CMakeFiles\bitstream.dir\build
[ 20%] Building CXX object src/CMakeFiles/bitstream.dir/lib/bitstream/bitstream.cpp.obj
	cd C:\Users\Igland\Antigravity\Ghidra\atracdenc\build\src
	C:\Users\Igland\AppData\Local\Programs\Python\Python310\Lib\site-packages\cmake\data\bin\cmake.exe -E cmake_cl_compile_depends --dep-file=CMakeFiles\bitstream.dir\lib\bitstream\bitstream.cpp.obj.d --working-dir=C:\Users\Igland\Antigravity\Ghidra\atracdenc\build\src --filter-prefix="Note: including file: " -- C:\PROGRA~2\MICROS~2\2022\BUILDT~1\VC\Tools\MSVC\1444~1.352\bin\Hostx64\x64\cl.exe @C:\Users\Igland\AppData\Local\Temp\nmA752.tmp
cl : Command line warning D9002 : ignoring unknown option '-g'
cl : Command line warning D9002 : ignoring unknown option '-fno-omit-frame-pointer'
bitstream.cpp
	cd C:\Users\Igland\Antigravity\Ghidra\atracdenc\build
[ 22%] Linking CXX static library bitstream.lib
	cd C:\Users\Igland\Antigravity\Ghidra\atracdenc\build\src
	C:\Users\Igland\AppData\Local\Programs\Python\Python310\Lib\site-packages\cmake\data\bin\cmake.exe -P CMakeFiles\bitstream.dir\cmake_clean_target.cmake
	cd C:\Users\Igland\Antigravity\Ghidra\atracdenc\build
	cd C:\Users\Igland\Antigravity\Ghidra\atracdenc\build\src
	C:\PROGRA~2\MICROS~2\2022\BUILDT~1\VC\Tools\MSVC\1444~1.352\bin\Hostx64\x64\lib.exe /nologo /machine:x64 /out:bitstream.lib @CMakeFiles\bitstream.dir\objects1.rsp
	cd C:\Users\Igland\Antigravity\Ghidra\atracdenc\build
[ 22%] Built target bitstream
	"C:\Program Files (x86)\Microsoft Visual Studio\2022\BuildTools\VC\Tools\MSVC\14.44.35207\bin\HostX64\x64\nmake.exe"  -f src\lib\libgha\CMakeFiles\gha.dir\build.make /nologo -L                  src\lib\libgha\CMakeFiles\gha.dir\depend
	C:\Users\Igland\AppData\Local\Programs\Python\Python310\Lib\site-packages\cmake\data\bin\cmake.exe -E cmake_depends "NMake Makefiles" C:\Users\Igland\Antigravity\Ghidra\atracdenc C:\Users\Igland\Antigravity\Ghidra\atracdenc\src\lib\libgha C:\Users\Igland\Antigravity\Ghidra\atracdenc\build C:\Users\Igland\Antigravity\Ghidra\atracdenc\build\src\lib\libgha C:\Users\Igland\Antigravity\Ghidra\atracdenc\build\src\lib\libgha\CMakeFiles\gha.dir\DependInfo.cmake "--color=" gha
	"C:\Program Files (x86)\Microsoft Visual Studio\2022\BuildTools\VC\Tools\MSVC\14.44.35207\bin\HostX64\x64\nmake.exe"  -f src\lib\libgha\CMakeFiles\gha.dir\build.make /nologo -L                  src\lib\libgha\CMakeFiles\gha.dir\build
[ 24%] Building C object src/lib/libgha/CMakeFiles/gha.dir/src/gha.c.obj
	cd C:\Users\Igland\Antigravity\Ghidra\atracdenc\build\src\lib\libgha
	C:\Users\Igland\AppData\Local\Programs\Python\Python310\Lib\site-packages\cmake\data\bin\cmake.exe -E cmake_cl_compile_depends --dep-file=CMakeFiles\gha.dir\src\gha.c.obj.d --working-dir=C:\Users\Igland\Antigravity\Ghidra\atracdenc\build\src\lib\libgha --filter-prefix="Note: including file: " -- C:\PROGRA~2\MICROS~2\2022\BUILDT~1\VC\Tools\MSVC\1444~1.352\bin\Hostx64\x64\cl.exe @C:\Users\Igland\AppData\Local\Temp\nmAA11.tmp
gha.c
	cd C:\Users\Igland\Antigravity\Ghidra\atracdenc\build
[ 26%] Building C object src/lib/libgha/CMakeFiles/gha.dir/src/sle.c.obj
	cd C:\Users\Igland\Antigravity\Ghidra\atracdenc\build\src\lib\libgha
	C:\Users\Igland\AppData\Local\Programs\Python\Python310\Lib\site-packages\cmake\data\bin\cmake.exe -E cmake_cl_compile_depends --dep-file=CMakeFiles\gha.dir\src\sle.c.obj.d --working-dir=C:\Users\Igland\Antigravity\Ghidra\atracdenc\build\src\lib\libgha --filter-prefix="Note: including file: " -- C:\PROGRA~2\MICROS~2\2022\BUILDT~1\VC\Tools\MSVC\1444~1.352\bin\Hostx64\x64\cl.exe @C:\Users\Igland\AppData\Local\Temp\nmAB7A.tmp
sle.c
	cd C:\Users\Igland\Antigravity\Ghidra\atracdenc\build
[ 28%] Linking C static library gha.lib
	cd C:\Users\Igland\Antigravity\Ghidra\atracdenc\build\src\lib\libgha
	C:\Users\Igland\AppData\Local\Programs\Python\Python310\Lib\site-packages\cmake\data\bin\cmake.exe -P CMakeFiles\gha.dir\cmake_clean_target.cmake
	cd C:\Users\Igland\Antigravity\Ghidra\atracdenc\build
	cd C:\Users\Igland\Antigravity\Ghidra\atracdenc\build\src\lib\libgha
	C:\PROGRA~2\MICROS~2\2022\BUILDT~1\VC\Tools\MSVC\1444~1.352\bin\Hostx64\x64\lib.exe /nologo /machine:x64 /out:gha.lib @CMakeFiles\gha.dir\objects1.rsp
	cd C:\Users\Igland\Antigravity\Ghidra\atracdenc\build
[ 28%] Built target gha
	"C:\Program Files (x86)\Microsoft Visual Studio\2022\BuildTools\VC\Tools\MSVC\14.44.35207\bin\HostX64\x64\nmake.exe"  -f src\CMakeFiles\atracdenc_impl.dir\build.make /nologo -L                  src\CMakeFiles\atracdenc_impl.dir\depend
	C:\Users\Igland\AppData\Local\Programs\Python\Python310\Lib\site-packages\cmake\data\bin\cmake.exe -E cmake_depends "NMake Makefiles" C:\Users\Igland\Antigravity\Ghidra\atracdenc C:\Users\Igland\Antigravity\Ghidra\atracdenc\src C:\Users\Igland\Antigravity\Ghidra\atracdenc\build C:\Users\Igland\Antigravity\Ghidra\atracdenc\build\src C:\Users\Igland\Antigravity\Ghidra\atracdenc\build\src\CMakeFiles\atracdenc_impl.dir\DependInfo.cmake "--color=" atracdenc_impl
	"C:\Program Files (x86)\Microsoft Visual Studio\2022\BuildTools\VC\Tools\MSVC\14.44.35207\bin\HostX64\x64\nmake.exe"  -f src\CMakeFiles\atracdenc_impl.dir\build.make /nologo -L                  src\CMakeFiles\atracdenc_impl.dir\build
[ 30%] Building CXX object src/CMakeFiles/atracdenc_impl.dir/wav.cpp.obj
	cd C:\Users\Igland\Antigravity\Ghidra\atracdenc\build\src
	C:\Users\Igland\AppData\Local\Programs\Python\Python310\Lib\site-packages\cmake\data\bin\cmake.exe -E cmake_cl_compile_depends --dep-file=CMakeFiles\atracdenc_impl.dir\wav.cpp.obj.d --working-dir=C:\Users\Igland\Antigravity\Ghidra\atracdenc\build\src --filter-prefix="Note: including file: " -- C:\PROGRA~2\MICROS~2\2022\BUILDT~1\VC\Tools\MSVC\1444~1.352\bin\Hostx64\x64\cl.exe @C:\Users\Igland\AppData\Local\Temp\nmACD0.tmp
cl : Command line warning D9002 : ignoring unknown option '-g'
cl : Command line warning D9002 : ignoring unknown option '-fno-omit-frame-pointer'
wav.cpp
	cd C:\Users\Igland\Antigravity\Ghidra\atracdenc\build
[ 32%] Building CXX object src/CMakeFiles/atracdenc_impl.dir/aea.cpp.obj
	cd C:\Users\Igland\Antigravity\Ghidra\atracdenc\build\src
	C:\Users\Igland\AppData\Local\Programs\Python\Python310\Lib\site-packages\cmake\data\bin\cmake.exe -E cmake_cl_compile_depends --dep-file=CMakeFiles\atracdenc_impl.dir\aea.cpp.obj.d --working-dir=C:\Users\Igland\Antigravity\Ghidra\atracdenc\build\src --filter-prefix="Note: including file: " -- C:\PROGRA~2\MICROS~2\2022\BUILDT~1\VC\Tools\MSVC\1444~1.352\bin\Hostx64\x64\cl.exe @C:\Users\Igland\AppData\Local\Temp\nmAF33.tmp
cl : Command line warning D9002 : ignoring unknown option '-g'
cl : Command line warning D9002 : ignoring unknown option '-fno-omit-frame-pointer'
aea.cpp
	cd C:\Users\Igland\Antigravity\Ghidra\atracdenc\build
[ 34%] Building CXX object src/CMakeFiles/atracdenc_impl.dir/env.cpp.obj
	cd C:\Users\Igland\Antigravity\Ghidra\atracdenc\build\src
	C:\Users\Igland\AppData\Local\Programs\Python\Python310\Lib\site-packages\cmake\data\bin\cmake.exe -E cmake_cl_compile_depends --dep-file=CMakeFiles\atracdenc_impl.dir\env.cpp.obj.d --working-dir=C:\Users\Igland\Antigravity\Ghidra\atracdenc\build\src --filter-prefix="Note: including file: " -- C:\PROGRA~2\MICROS~2\2022\BUILDT~1\VC\Tools\MSVC\1444~1.352\bin\Hostx64\x64\cl.exe @C:\Users\Igland\AppData\Local\Temp\nmB0F9.tmp
cl : Command line warning D9002 : ignoring unknown option '-g'
cl : Command line warning D9002 : ignoring unknown option '-fno-omit-frame-pointer'
env.cpp
C:\Users\Igland\Antigravity\Ghidra\atracdenc\src\env.cpp(23): warning C4068: unknown pragma 'STDC'
	cd C:\Users\Igland\Antigravity\Ghidra\atracdenc\build
[ 36%] Building CXX object src/CMakeFiles/atracdenc_impl.dir/transient_detector.cpp.obj
	cd C:\Users\Igland\Antigravity\Ghidra\atracdenc\build\src
	C:\Users\Igland\AppData\Local\Programs\Python\Python310\Lib\site-packages\cmake\data\bin\cmake.exe -E cmake_cl_compile_depends --dep-file=CMakeFiles\atracdenc_impl.dir\transient_detector.cpp.obj.d --working-dir=C:\Users\Igland\Antigravity\Ghidra\atracdenc\build\src --filter-prefix="Note: including file: " -- C:\PROGRA~2\MICROS~2\2022\BUILDT~1\VC\Tools\MSVC\1444~1.352\bin\Hostx64\x64\cl.exe @C:\Users\Igland\AppData\Local\Temp\nmB158.tmp
cl : Command line warning D9002 : ignoring unknown option '-g'
cl : Command line warning D9002 : ignoring unknown option '-fno-omit-frame-pointer'
transient_detector.cpp
	cd C:\Users\Igland\Antigravity\Ghidra\atracdenc\build
[ 38%] Building CXX object src/CMakeFiles/atracdenc_impl.dir/atrac1denc.cpp.obj
	cd C:\Users\Igland\Antigravity\Ghidra\atracdenc\build\src
	C:\Users\Igland\AppData\Local\Programs\Python\Python310\Lib\site-packages\cmake\data\bin\cmake.exe -E cmake_cl_compile_depends --dep-file=CMakeFiles\atracdenc_impl.dir\atrac1denc.cpp.obj.d --working-dir=C:\Users\Igland\Antigravity\Ghidra\atracdenc\build\src --filter-prefix="Note: including file: " -- C:\PROGRA~2\MICROS~2\2022\BUILDT~1\VC\Tools\MSVC\1444~1.352\bin\Hostx64\x64\cl.exe @C:\Users\Igland\AppData\Local\Temp\nmB37B.tmp
cl : Command line warning D9002 : ignoring unknown option '-g'
cl : Command line warning D9002 : ignoring unknown option '-fno-omit-frame-pointer'
atrac1denc.cpp
	cd C:\Users\Igland\Antigravity\Ghidra\atracdenc\build
[ 40%] Building CXX object src/CMakeFiles/atracdenc_impl.dir/atrac/at1/atrac1.cpp.obj
	cd C:\Users\Igland\Antigravity\Ghidra\atracdenc\build\src
	C:\Users\Igland\AppData\Local\Programs\Python\Python310\Lib\site-packages\cmake\data\bin\cmake.exe -E cmake_cl_compile_depends --dep-file=CMakeFiles\atracdenc_impl.dir\atrac\at1\atrac1.cpp.obj.d --working-dir=C:\Users\Igland\Antigravity\Ghidra\atracdenc\build\src --filter-prefix="Note: including file: " -- C:\PROGRA~2\MICROS~2\2022\BUILDT~1\VC\Tools\MSVC\1444~1.352\bin\Hostx64\x64\cl.exe @C:\Users\Igland\AppData\Local\Temp\nmB707.tmp
cl : Command line warning D9002 : ignoring unknown option '-g'
cl : Command line warning D9002 : ignoring unknown option '-fno-omit-frame-pointer'
atrac1.cpp
	cd C:\Users\Igland\Antigravity\Ghidra\atracdenc\build
[ 42%] Building CXX object src/CMakeFiles/atracdenc_impl.dir/atrac/at1/atrac1_bitalloc.cpp.obj
	cd C:\Users\Igland\Antigravity\Ghidra\atracdenc\build\src
	C:\Users\Igland\AppData\Local\Programs\Python\Python310\Lib\site-packages\cmake\data\bin\cmake.exe -E cmake_cl_compile_depends --dep-file=CMakeFiles\atracdenc_impl.dir\atrac\at1\atrac1_bitalloc.cpp.obj.d --working-dir=C:\Users\Igland\Antigravity\Ghidra\atracdenc\build\src --filter-prefix="Note: including file: " -- C:\PROGRA~2\MICROS~2\2022\BUILDT~1\VC\Tools\MSVC\1444~1.352\bin\Hostx64\x64\cl.exe @C:\Users\Igland\AppData\Local\Temp\nmB92B.tmp
cl : Command line warning D9002 : ignoring unknown option '-g'
cl : Command line warning D9002 : ignoring unknown option '-fno-omit-frame-pointer'
atrac1_bitalloc.cpp
	cd C:\Users\Igland\Antigravity\Ghidra\atracdenc\build
[ 44%] Building CXX object src/CMakeFiles/atracdenc_impl.dir/atrac/at1/atrac1_dequantiser.cpp.obj
	cd C:\Users\Igland\Antigravity\Ghidra\atracdenc\build\src
	C:\Users\Igland\AppData\Local\Programs\Python\Python310\Lib\site-packages\cmake\data\bin\cmake.exe -E cmake_cl_compile_depends --dep-file=CMakeFiles\atracdenc_impl.dir\atrac\at1\atrac1_dequantiser.cpp.obj.d --working-dir=C:\Users\Igland\Antigravity\Ghidra\atracdenc\build\src --filter-prefix="Note: including file: " -- C:\PROGRA~2\MICROS~2\2022\BUILDT~1\VC\Tools\MSVC\1444~1.352\bin\Hostx64\x64\cl.exe @C:\Users\Igland\AppData\Local\Temp\nmBC1A.tmp
cl : Command line warning D9002 : ignoring unknown option '-g'
cl : Command line warning D9002 : ignoring unknown option '-fno-omit-frame-pointer'
atrac1_dequantiser.cpp
	cd C:\Users\Igland\Antigravity\Ghidra\atracdenc\build
[ 46%] Building CXX object src/CMakeFiles/atracdenc_impl.dir/atrac/atrac_scale.cpp.obj
	cd C:\Users\Igland\Antigravity\Ghidra\atracdenc\build\src
	C:\Users\Igland\AppData\Local\Programs\Python\Python310\Lib\site-packages\cmake\data\bin\cmake.exe -E cmake_cl_compile_depends --dep-file=CMakeFiles\atracdenc_impl.dir\atrac\atrac_scale.cpp.obj.d --working-dir=C:\Users\Igland\Antigravity\Ghidra\atracdenc\build\src --filter-prefix="Note: including file: " -- C:\PROGRA~2\MICROS~2\2022\BUILDT~1\VC\Tools\MSVC\1444~1.352\bin\Hostx64\x64\cl.exe @C:\Users\Igland\AppData\Local\Temp\nmBE5D.tmp
cl : Command line warning D9002 : ignoring unknown option '-g'
cl : Command line warning D9002 : ignoring unknown option '-fno-omit-frame-pointer'
atrac_scale.cpp
	cd C:\Users\Igland\Antigravity\Ghidra\atracdenc\build
[ 48%] Building CXX object src/CMakeFiles/atracdenc_impl.dir/atrac/atrac_psy_common.cpp.obj
	cd C:\Users\Igland\Antigravity\Ghidra\atracdenc\build\src
	C:\Users\Igland\AppData\Local\Programs\Python\Python310\Lib\site-packages\cmake\data\bin\cmake.exe -E cmake_cl_compile_depends --dep-file=CMakeFiles\atracdenc_impl.dir\atrac\atrac_psy_common.cpp.obj.d --working-dir=C:\Users\Igland\Antigravity\Ghidra\atracdenc\build\src --filter-prefix="Note: including file: " -- C:\PROGRA~2\MICROS~2\2022\BUILDT~1\VC\Tools\MSVC\1444~1.352\bin\Hostx64\x64\cl.exe @C:\Users\Igland\AppData\Local\Temp\nmC14C.tmp
cl : Command line warning D9002 : ignoring unknown option '-g'
cl : Command line warning D9002 : ignoring unknown option '-fno-omit-frame-pointer'
atrac_psy_common.cpp
	cd C:\Users\Igland\Antigravity\Ghidra\atracdenc\build
[ 50%] Building CXX object src/CMakeFiles/atracdenc_impl.dir/oma.cpp.obj
	cd C:\Users\Igland\Antigravity\Ghidra\atracdenc\build\src
	C:\Users\Igland\AppData\Local\Programs\Python\Python310\Lib\site-packages\cmake\data\bin\cmake.exe -E cmake_cl_compile_depends --dep-file=CMakeFiles\atracdenc_impl.dir\oma.cpp.obj.d --working-dir=C:\Users\Igland\Antigravity\Ghidra\atracdenc\build\src --filter-prefix="Note: including file: " -- C:\PROGRA~2\MICROS~2\2022\BUILDT~1\VC\Tools\MSVC\1444~1.352\bin\Hostx64\x64\cl.exe @C:\Users\Igland\AppData\Local\Temp\nmC295.tmp
cl : Command line warning D9002 : ignoring unknown option '-g'
cl : Command line warning D9002 : ignoring unknown option '-fno-omit-frame-pointer'
oma.cpp
	cd C:\Users\Igland\Antigravity\Ghidra\atracdenc\build
[ 52%] Building CXX object src/CMakeFiles/atracdenc_impl.dir/rm.cpp.obj
	cd C:\Users\Igland\Antigravity\Ghidra\atracdenc\build\src
	C:\Users\Igland\AppData\Local\Programs\Python\Python310\Lib\site-packages\cmake\data\bin\cmake.exe -E cmake_cl_compile_depends --dep-file=CMakeFiles\atracdenc_impl.dir\rm.cpp.obj.d --working-dir=C:\Users\Igland\Antigravity\Ghidra\atracdenc\build\src --filter-prefix="Note: including file: " -- C:\PROGRA~2\MICROS~2\2022\BUILDT~1\VC\Tools\MSVC\1444~1.352\bin\Hostx64\x64\cl.exe @C:\Users\Igland\AppData\Local\Temp\nmC40D.tmp
cl : Command line warning D9002 : ignoring unknown option '-g'
cl : Command line warning D9002 : ignoring unknown option '-fno-omit-frame-pointer'
rm.cpp
	cd C:\Users\Igland\Antigravity\Ghidra\atracdenc\build
[ 54%] Building CXX object src/CMakeFiles/atracdenc_impl.dir/at3.cpp.obj
	cd C:\Users\Igland\Antigravity\Ghidra\atracdenc\build\src
	C:\Users\Igland\AppData\Local\Programs\Python\Python310\Lib\site-packages\cmake\data\bin\cmake.exe -E cmake_cl_compile_depends --dep-file=CMakeFiles\atracdenc_impl.dir\at3.cpp.obj.d --working-dir=C:\Users\Igland\Antigravity\Ghidra\atracdenc\build\src --filter-prefix="Note: including file: " -- C:\PROGRA~2\MICROS~2\2022\BUILDT~1\VC\Tools\MSVC\1444~1.352\bin\Hostx64\x64\cl.exe @C:\Users\Igland\AppData\Local\Temp\nmC640.tmp
cl : Command line warning D9002 : ignoring unknown option '-g'
cl : Command line warning D9002 : ignoring unknown option '-fno-omit-frame-pointer'
at3.cpp
	cd C:\Users\Igland\Antigravity\Ghidra\atracdenc\build
[ 56%] Building CXX object src/CMakeFiles/atracdenc_impl.dir/atrac3denc.cpp.obj
	cd C:\Users\Igland\Antigravity\Ghidra\atracdenc\build\src
	C:\Users\Igland\AppData\Local\Programs\Python\Python310\Lib\site-packages\cmake\data\bin\cmake.exe -E cmake_cl_compile_depends --dep-file=CMakeFiles\atracdenc_impl.dir\atrac3denc.cpp.obj.d --working-dir=C:\Users\Igland\Antigravity\Ghidra\atracdenc\build\src --filter-prefix="Note: including file: " -- C:\PROGRA~2\MICROS~2\2022\BUILDT~1\VC\Tools\MSVC\1444~1.352\bin\Hostx64\x64\cl.exe @C:\Users\Igland\AppData\Local\Temp\nmC864.tmp
cl : Command line warning D9002 : ignoring unknown option '-g'
cl : Command line warning D9002 : ignoring unknown option '-fno-omit-frame-pointer'
atrac3denc.cpp
	cd C:\Users\Igland\Antigravity\Ghidra\atracdenc\build
[ 58%] Building CXX object src/CMakeFiles/atracdenc_impl.dir/atrac/at3/atrac3.cpp.obj
	cd C:\Users\Igland\Antigravity\Ghidra\atracdenc\build\src
	C:\Users\Igland\AppData\Local\Programs\Python\Python310\Lib\site-packages\cmake\data\bin\cmake.exe -E cmake_cl_compile_depends --dep-file=CMakeFiles\atracdenc_impl.dir\atrac\at3\atrac3.cpp.obj.d --working-dir=C:\Users\Igland\Antigravity\Ghidra\atracdenc\build\src --filter-prefix="Note: including file: " -- C:\PROGRA~2\MICROS~2\2022\BUILDT~1\VC\Tools\MSVC\1444~1.352\bin\Hostx64\x64\cl.exe @C:\Users\Igland\AppData\Local\Temp\nmCCCA.tmp
cl : Command line warning D9002 : ignoring unknown option '-g'
cl : Command line warning D9002 : ignoring unknown option '-fno-omit-frame-pointer'
atrac3.cpp
	cd C:\Users\Igland\Antigravity\Ghidra\atracdenc\build
[ 60%] Building CXX object src/CMakeFiles/atracdenc_impl.dir/atrac/at3/atrac3_bitstream.cpp.obj
	cd C:\Users\Igland\Antigravity\Ghidra\atracdenc\build\src
	C:\Users\Igland\AppData\Local\Programs\Python\Python310\Lib\site-packages\cmake\data\bin\cmake.exe -E cmake_cl_compile_depends --dep-file=CMakeFiles\atracdenc_impl.dir\atrac\at3\atrac3_bitstream.cpp.obj.d --working-dir=C:\Users\Igland\Antigravity\Ghidra\atracdenc\build\src --filter-prefix="Note: including file: " -- C:\PROGRA~2\MICROS~2\2022\BUILDT~1\VC\Tools\MSVC\1444~1.352\bin\Hostx64\x64\cl.exe @C:\Users\Igland\AppData\Local\Temp\nmCEA0.tmp
cl : Command line warning D9002 : ignoring unknown option '-g'
cl : Command line warning D9002 : ignoring unknown option '-fno-omit-frame-pointer'
atrac3_bitstream.cpp
C:\Users\Igland\Antigravity\Ghidra\atracdenc\src\atrac\at3\atrac3_bitstream.cpp(321): error C2065: 'virtuallySilent': undeclared identifier
C:\Users\Igland\Antigravity\Ghidra\atracdenc\src\atrac\at3\atrac3_bitstream.cpp(323): error C2065: 'channel': undeclared identifier
C:\Users\Igland\Antigravity\Ghidra\atracdenc\src\atrac\at3\atrac3_bitstream.cpp(333): error C2065: 'channel': undeclared identifier
C:\Users\Igland\Antigravity\Ghidra\atracdenc\src\atrac\at3\atrac3_bitstream.cpp(346): error C2065: 'codingMode': undeclared identifier
C:\Users\Igland\Antigravity\Ghidra\atracdenc\src\atrac\at3\atrac3_bitstream.cpp(368): error C2065: 'codingMode': undeclared identifier
NMAKE : fatal error U1077: 
'C:\Users\Igland\AppData\Local\Programs\Python\Python310\Lib\site-packages\cmake\data\bin\cmake.exe -E 
cmake_cl_compile_depends --dep-file=CMakeFiles\atracdenc_impl.dir\atrac\at3\atrac3_bitstream.cpp.obj.d 
--working-dir=C:\Users\Igland\Antigravity\Ghidra\atracdenc\build\src --filter-prefix="Note: including file: " -- 
C:\PROGRA~2\MICROS~2\2022\BUILDT~1\VC\Tools\MSVC\1444~1.352\bin\Hostx64\x64\cl.exe 
@C:\Users\Igland\AppData\Local\Temp\nmCEA0.tmp' : return code '0x2'
Stop.
NMAKE : fatal error U1077: '"C:\Program Files (x86)\Microsoft Visual 
Studio\2022\BuildTools\VC\Tools\MSVC\14.44.35207\bin\HostX64\x64\nmake.exe"  -f 
src\CMakeFiles\atracdenc_impl.dir\build.make /nologo -L                  src\CMakeFiles\atracdenc_impl.dir\build' : 
return code '0x2'
Stop.
NMAKE : fatal error U1077: '"C:\Program Files (x86)\Microsoft Visual 
Studio\2022\BuildTools\VC\Tools\MSVC\14.44.35207\bin\HostX64\x64\nmake.exe"  -f CMakeFiles\Makefile2 /nologo -L        
          all' : return code '0x2'
Stop.

